###############################################################################
#
# IAR ELF Linker V8.50.1.245/W32 for ARM                  02/Jul/2020  21:01:41
# Copyright 2007-2020 IAR Systems AB.
#
#    Output file  =
#        C:\Users\UKC\Documents\Git\Embedded\Start_Project\EWARM\Start_Project\Exe\Start_Project.out
#    Map file     =
#        C:\Users\UKC\Documents\Git\Embedded\Start_Project\EWARM\Start_Project\List\Start_Project.map
#    Command line =
#        -f C:\Users\UKC\AppData\Local\TEMP_~1\EW5DD1.tmp
#        (C:\Users\UKC\Documents\Git\Embedded\Start_Project\EWARM\Start_Project\Obj\main.o
#        C:\Users\UKC\Documents\Git\Embedded\Start_Project\EWARM\Start_Project\Obj\startup_stm32f103xe.o
#        C:\Users\UKC\Documents\Git\Embedded\Start_Project\EWARM\Start_Project\Obj\stm32f1xx_hal.o
#        C:\Users\UKC\Documents\Git\Embedded\Start_Project\EWARM\Start_Project\Obj\stm32f1xx_hal_cortex.o
#        C:\Users\UKC\Documents\Git\Embedded\Start_Project\EWARM\Start_Project\Obj\stm32f1xx_hal_dma.o
#        C:\Users\UKC\Documents\Git\Embedded\Start_Project\EWARM\Start_Project\Obj\stm32f1xx_hal_exti.o
#        C:\Users\UKC\Documents\Git\Embedded\Start_Project\EWARM\Start_Project\Obj\stm32f1xx_hal_flash.o
#        C:\Users\UKC\Documents\Git\Embedded\Start_Project\EWARM\Start_Project\Obj\stm32f1xx_hal_flash_ex.o
#        C:\Users\UKC\Documents\Git\Embedded\Start_Project\EWARM\Start_Project\Obj\stm32f1xx_hal_gpio.o
#        C:\Users\UKC\Documents\Git\Embedded\Start_Project\EWARM\Start_Project\Obj\stm32f1xx_hal_gpio_ex.o
#        C:\Users\UKC\Documents\Git\Embedded\Start_Project\EWARM\Start_Project\Obj\stm32f1xx_hal_msp.o
#        C:\Users\UKC\Documents\Git\Embedded\Start_Project\EWARM\Start_Project\Obj\stm32f1xx_hal_pwr.o
#        C:\Users\UKC\Documents\Git\Embedded\Start_Project\EWARM\Start_Project\Obj\stm32f1xx_hal_rcc.o
#        C:\Users\UKC\Documents\Git\Embedded\Start_Project\EWARM\Start_Project\Obj\stm32f1xx_hal_rcc_ex.o
#        C:\Users\UKC\Documents\Git\Embedded\Start_Project\EWARM\Start_Project\Obj\stm32f1xx_hal_tim.o
#        C:\Users\UKC\Documents\Git\Embedded\Start_Project\EWARM\Start_Project\Obj\stm32f1xx_hal_tim_ex.o
#        C:\Users\UKC\Documents\Git\Embedded\Start_Project\EWARM\Start_Project\Obj\stm32f1xx_it.o
#        C:\Users\UKC\Documents\Git\Embedded\Start_Project\EWARM\Start_Project\Obj\system_stm32f1xx.o
#        --redirect _Printf=_PrintfFull --redirect _Scanf=_ScanfFull
#        --no_out_extension -o
#        C:\Users\UKC\Documents\Git\Embedded\Start_Project\EWARM\Start_Project\Exe\Start_Project.out
#        --map
#        C:\Users\UKC\Documents\Git\Embedded\Start_Project\EWARM\Start_Project\List\Start_Project.map
#        --config
#        C:\Users\UKC\Documents\Git\Embedded\Start_Project\EWARM/stm32f103xe_flash.icf
#        --semihosting --entry __iar_program_start --vfe --text_out locale)
#
###############################################################################

*******************************************************************************
*** RUNTIME MODEL ATTRIBUTES
***

CppFlavor       = *
__SystemLibrary = DLib
__dlib_version  = 6


*******************************************************************************
*** HEAP SELECTION
***

The basic heap was selected because some modules are built with
size limitations (and not runtime checking), and --advanced_heap
was not specified.


*******************************************************************************
*** PLACEMENT SUMMARY
***

"A0":  place at address 0x800'0000 { ro section .intvec };
"P1":  place in [from 0x800'0000 to 0x807'ffff] { ro };
define block CSTACK with size = 1K, alignment = 8 { };
define block HEAP with size = 512, alignment = 8 { };
"P2":  place in [from 0x2000'0000 to 0x2000'ffff] {
          rw, block CSTACK, block HEAP };
initialize by copy { rw };

  Section            Kind         Address   Size  Object
  -------            ----         -------   ----  ------
"A0":                                      0x130
  .intvec            ro code   0x800'0000  0x130  startup_stm32f103xe.o [1]
                             - 0x800'0130  0x130

"P1":                                      0xbd0
  .text              ro code   0x800'0130  0x496  stm32f1xx_hal_rcc.o [1]
  .text              ro code   0x800'05c6   0x2e  copy_init3.o [3]
  .text              ro code   0x800'05f4    0xc  stm32f1xx_hal.o [1]
  .text              ro code   0x800'0600   0x40  stm32f1xx_hal.o [1]
  .text              ro code   0x800'0640   0xac  stm32f1xx_hal_cortex.o [1]
  .text              ro code   0x800'06ec  0x1e4  stm32f1xx_hal_gpio.o [1]
  .text              ro code   0x800'08d0  0x102  main.o [1]
  .text              ro code   0x800'09d4   0x24  stm32f1xx_hal.o [1]
  .text              ro code   0x800'09f8   0x14  memset.o [3]
  .text              ro code   0x800'0a0c   0x28  stm32f1xx_hal.o [1]
  .text              ro code   0x800'0a34   0x44  stm32f1xx_hal_msp.o [1]
  .text              ro code   0x800'0a78   0x66  ABImemset.o [3]
  .text              ro code   0x800'0ae0   0x5c  system_stm32f1xx.o [1]
  .text              ro code   0x800'0b3c   0x28  data_init.o [3]
  .iar.init_table    const     0x800'0b64   0x14  - Linker created -
  .text              ro code   0x800'0b78   0x1e  cmain.o [3]
  .text              ro code   0x800'0b96    0x4  low_level_init.o [2]
  .text              ro code   0x800'0b9a    0x4  exit.o [2]
  .text              ro code   0x800'0ba0    0xa  cexit.o [3]
  .text              ro code   0x800'0bac   0x14  exit.o [4]
  .text              ro code   0x800'0bc0   0x14  stm32f1xx_it.o [1]
  .text              ro code   0x800'0bd4   0x10  stm32f1xx_hal.o [1]
  .text              ro code   0x800'0be4   0x10  startup_stm32f103xe.o [1]
  Initializer bytes  const     0x800'0bf4   0x10  <for P2-1>
  .text              ro code   0x800'0c04    0xc  cstartup_M.o [3]
  .text              ro code   0x800'0c10    0x4  startup_stm32f103xe.o [1]
  .text              ro code   0x800'0c14    0x4  startup_stm32f103xe.o [1]
  .text              ro code   0x800'0c18    0x4  startup_stm32f103xe.o [1]
  .text              ro code   0x800'0c1c    0x4  startup_stm32f103xe.o [1]
  .text              ro code   0x800'0c20    0x4  startup_stm32f103xe.o [1]
  .text              ro code   0x800'0c24    0x4  startup_stm32f103xe.o [1]
  .text              ro code   0x800'0c28    0x4  startup_stm32f103xe.o [1]
  .text              ro code   0x800'0c2c    0x4  startup_stm32f103xe.o [1]
  .text              ro code   0x800'0c30    0x4  startup_stm32f103xe.o [1]
  .text              ro code   0x800'0c34    0x4  startup_stm32f103xe.o [1]
  .text              ro code   0x800'0c38    0x4  startup_stm32f103xe.o [1]
  .text              ro code   0x800'0c3c    0x4  startup_stm32f103xe.o [1]
  .text              ro code   0x800'0c40    0x4  startup_stm32f103xe.o [1]
  .text              ro code   0x800'0c44    0x4  startup_stm32f103xe.o [1]
  .text              ro code   0x800'0c48    0x4  startup_stm32f103xe.o [1]
  .text              ro code   0x800'0c4c    0x4  startup_stm32f103xe.o [1]
  .text              ro code   0x800'0c50    0x4  startup_stm32f103xe.o [1]
  .text              ro code   0x800'0c54    0x4  startup_stm32f103xe.o [1]
  .text              ro code   0x800'0c58    0x4  startup_stm32f103xe.o [1]
  .text              ro code   0x800'0c5c    0x4  startup_stm32f103xe.o [1]
  .text              ro code   0x800'0c60    0x4  startup_stm32f103xe.o [1]
  .text              ro code   0x800'0c64    0x4  startup_stm32f103xe.o [1]
  .text              ro code   0x800'0c68    0x4  startup_stm32f103xe.o [1]
  .text              ro code   0x800'0c6c    0x4  startup_stm32f103xe.o [1]
  .text              ro code   0x800'0c70    0x4  startup_stm32f103xe.o [1]
  .text              ro code   0x800'0c74    0x4  startup_stm32f103xe.o [1]
  .text              ro code   0x800'0c78    0x4  startup_stm32f103xe.o [1]
  .text              ro code   0x800'0c7c    0x4  startup_stm32f103xe.o [1]
  .text              ro code   0x800'0c80    0x4  startup_stm32f103xe.o [1]
  .text              ro code   0x800'0c84    0x4  startup_stm32f103xe.o [1]
  .text              ro code   0x800'0c88    0x4  startup_stm32f103xe.o [1]
  .text              ro code   0x800'0c8c    0x4  startup_stm32f103xe.o [1]
  .text              ro code   0x800'0c90    0x4  startup_stm32f103xe.o [1]
  .text              ro code   0x800'0c94    0x4  startup_stm32f103xe.o [1]
  .text              ro code   0x800'0c98    0x4  startup_stm32f103xe.o [1]
  .text              ro code   0x800'0c9c    0x4  startup_stm32f103xe.o [1]
  .text              ro code   0x800'0ca0    0x4  startup_stm32f103xe.o [1]
  .text              ro code   0x800'0ca4    0x4  startup_stm32f103xe.o [1]
  .text              ro code   0x800'0ca8    0x4  startup_stm32f103xe.o [1]
  .text              ro code   0x800'0cac    0x4  startup_stm32f103xe.o [1]
  .text              ro code   0x800'0cb0    0x4  startup_stm32f103xe.o [1]
  .text              ro code   0x800'0cb4    0x4  startup_stm32f103xe.o [1]
  .text              ro code   0x800'0cb8    0x4  startup_stm32f103xe.o [1]
  .text              ro code   0x800'0cbc    0x4  startup_stm32f103xe.o [1]
  .text              ro code   0x800'0cc0    0x4  startup_stm32f103xe.o [1]
  .text              ro code   0x800'0cc4    0x4  startup_stm32f103xe.o [1]
  .text              ro code   0x800'0cc8    0x4  startup_stm32f103xe.o [1]
  .text              ro code   0x800'0ccc    0x4  startup_stm32f103xe.o [1]
  .text              ro code   0x800'0cd0    0x4  startup_stm32f103xe.o [1]
  .text              ro code   0x800'0cd4    0x4  startup_stm32f103xe.o [1]
  .text              ro code   0x800'0cd8    0x4  startup_stm32f103xe.o [1]
  .text              ro code   0x800'0cdc    0x4  startup_stm32f103xe.o [1]
  .text              ro code   0x800'0ce0    0x4  startup_stm32f103xe.o [1]
  .text              ro code   0x800'0ce4    0x4  startup_stm32f103xe.o [1]
  .text              ro code   0x800'0ce8    0x4  startup_stm32f103xe.o [1]
  .text              ro code   0x800'0cec    0x4  startup_stm32f103xe.o [1]
  .text              ro code   0x800'0cf0    0x4  startup_stm32f103xe.o [1]
  .text              ro code   0x800'0cf4    0x4  startup_stm32f103xe.o [1]
  .text              ro code   0x800'0cf8    0x4  startup_stm32f103xe.o [1]
  .text              ro code   0x800'0cfc    0x4  startup_stm32f103xe.o [1]
  .rodata            const     0x800'0d00    0x0  copy_init3.o [3]
                             - 0x800'0d00  0xbd0

"P2", part 1 of 2:                          0x10
  P2-1                        0x2000'0000   0x10  <Init block>
    .data            inited   0x2000'0000    0xc  stm32f1xx_hal.o [1]
    .data            inited   0x2000'000c    0x4  system_stm32f1xx.o [1]
                            - 0x2000'0010   0x10

"P2", part 2 of 2:                         0x400
  CSTACK                      0x2000'0010  0x400  <Block>
    CSTACK           uninit   0x2000'0010  0x400  <Block tail>
                            - 0x2000'0410  0x400

Unused ranges:

         From           To      Size
         ----           --      ----
   0x800'0d00   0x807'ffff  0x7'f300
  0x2000'0410  0x2000'ffff    0xfbf0


*******************************************************************************
*** INIT TABLE
***

          Address      Size
          -------      ----
Copy (__iar_copy_init3)
    1 source range, total size 0x10:
           0x800'0bf4  0x10
    1 destination range, total size 0x10:
          0x2000'0000  0x10



*******************************************************************************
*** MODULE SUMMARY
***

    Module                  ro code  ro data  rw data
    ------                  -------  -------  -------
command line/config:
    -------------------------------------------------
    Total:

C:\Users\UKC\Documents\Git\Embedded\Start_Project\EWARM\Start_Project\Obj: [1]
    main.o                      258
    startup_stm32f103xe.o       560
    stm32f1xx_hal.o             168       12       12
    stm32f1xx_hal_cortex.o      172
    stm32f1xx_hal_gpio.o        484
    stm32f1xx_hal_msp.o          68
    stm32f1xx_hal_rcc.o       1'174
    stm32f1xx_it.o               20
    system_stm32f1xx.o           92        4        4
    -------------------------------------------------
    Total:                    2'996       16       16

dl7M_tln.a: [2]
    exit.o                        4
    low_level_init.o              4
    -------------------------------------------------
    Total:                        8

rt7M_tl.a: [3]
    ABImemset.o                 102
    cexit.o                      10
    cmain.o                      30
    copy_init3.o                 46
    cstartup_M.o                 12
    data_init.o                  40
    memset.o                     20
    -------------------------------------------------
    Total:                      260

shb_l.a: [4]
    exit.o                       20
    -------------------------------------------------
    Total:                       20

    Gaps                          8
    Linker created                        20    1'024
-----------------------------------------------------
    Grand Total:              3'292       36    1'040


*******************************************************************************
*** ENTRY LIST
***

Entry                       Address   Size  Type      Object
-----                       -------   ----  ----      ------
.iar.init_table$$Base    0x800'0b64          --   Gb  - Linker created -
.iar.init_table$$Limit   0x800'0b78          --   Gb  - Linker created -
?main                    0x800'0b79         Code  Gb  cmain.o [3]
AHBPrescTable            0x800'0b2c   0x10  Data  Gb  system_stm32f1xx.o [1]
BusFault_Handler         0x800'0bc7    0x2  Code  Gb  stm32f1xx_it.o [1]
CSTACK$$Base            0x2000'0010          --   Gb  - Linker created -
CSTACK$$Limit           0x2000'0410          --   Gb  - Linker created -
DebugMon_Handler         0x800'0bcd    0x2  Code  Gb  stm32f1xx_it.o [1]
HAL_Delay                0x800'0a0d   0x28  Code  Wk  stm32f1xx_hal.o [1]
HAL_GPIO_Init            0x800'06ed  0x194  Code  Gb  stm32f1xx_hal_gpio.o [1]
HAL_GPIO_ReadPin         0x800'0881    0xc  Code  Gb  stm32f1xx_hal_gpio.o [1]
HAL_GPIO_WritePin        0x800'088d    0x8  Code  Gb  stm32f1xx_hal_gpio.o [1]
HAL_GetTick              0x800'05f5    0xc  Code  Wk  stm32f1xx_hal.o [1]
HAL_IncTick              0x800'0bd5   0x10  Code  Wk  stm32f1xx_hal.o [1]
HAL_Init                 0x800'09d5   0x20  Code  Gb  stm32f1xx_hal.o [1]
HAL_InitTick             0x800'0601   0x40  Code  Wk  stm32f1xx_hal.o [1]
HAL_MspInit              0x800'0a35   0x44  Code  Gb  stm32f1xx_hal_msp.o [1]
HAL_NVIC_SetPriority     0x800'0675   0x3a  Code  Gb  stm32f1xx_hal_cortex.o [1]
HAL_NVIC_SetPriorityGrouping
                         0x800'065b   0x1a  Code  Gb  stm32f1xx_hal_cortex.o [1]
HAL_RCC_ClockConfig      0x800'0445   0xf4  Code  Gb  stm32f1xx_hal_rcc.o [1]
HAL_RCC_GetSysClockFreq
                         0x800'054d   0x3a  Code  Gb  stm32f1xx_hal_rcc.o [1]
HAL_RCC_GetSysClockFreq::aPLLMULFactorTable
                         0x800'05b4   0x10  Data  Lc  stm32f1xx_hal_rcc.o [1]
HAL_RCC_GetSysClockFreq::aPredivFactorTable
                         0x800'05c4    0x2  Data  Lc  stm32f1xx_hal_rcc.o [1]
HAL_RCC_OscConfig        0x800'0131  0x30c  Code  Gb  stm32f1xx_hal_rcc.o [1]
HAL_SYSTICK_Config       0x800'06af   0x28  Code  Gb  stm32f1xx_hal_cortex.o [1]
HardFault_Handler        0x800'0bc3    0x2  Code  Gb  stm32f1xx_it.o [1]
MemManage_Handler        0x800'0bc5    0x2  Code  Gb  stm32f1xx_it.o [1]
NMI_Handler              0x800'0bc1    0x2  Code  Gb  stm32f1xx_it.o [1]
PendSV_Handler           0x800'0bcf    0x2  Code  Gb  stm32f1xx_it.o [1]
Region$$Table$$Base      0x800'0b64          --   Gb  - Linker created -
Region$$Table$$Limit     0x800'0b78          --   Gb  - Linker created -
SVC_Handler              0x800'0bcb    0x2  Code  Gb  stm32f1xx_it.o [1]
SysTick_Handler          0x800'0bd1    0x4  Code  Gb  stm32f1xx_it.o [1]
SystemClock_Config       0x800'0979   0x5a  Code  Gb  main.o [1]
SystemCoreClock         0x2000'000c    0x4  Data  Gb  system_stm32f1xx.o [1]
SystemInit               0x800'0ae1   0x3c  Code  Gb  system_stm32f1xx.o [1]
UsageFault_Handler       0x800'0bc9    0x2  Code  Gb  stm32f1xx_it.o [1]
__NVIC_SetPriority       0x800'0641   0x1a  Code  Lc  stm32f1xx_hal_cortex.o [1]
__aeabi_memset           0x800'0a79         Code  Gb  ABImemset.o [3]
__cmain                  0x800'0b79         Code  Gb  cmain.o [3]
__exit                   0x800'0bad   0x14  Code  Gb  exit.o [4]
__iar_Memset             0x800'0a79         Code  Gb  ABImemset.o [3]
__iar_Memset_word        0x800'0a81         Code  Gb  ABImemset.o [3]
__iar_copy_init3         0x800'05c7   0x2e  Code  Gb  copy_init3.o [3]
__iar_data_init3         0x800'0b3d   0x28  Code  Gb  data_init.o [3]
__iar_program_start      0x800'0c05         Code  Gb  cstartup_M.o [3]
__low_level_init         0x800'0b97    0x4  Code  Gb  low_level_init.o [2]
__vector_table           0x800'0000         Data  Gb  startup_stm32f103xe.o [1]
_call_main               0x800'0b85         Code  Gb  cmain.o [3]
_exit                    0x800'0ba1         Code  Gb  cexit.o [3]
_main                    0x800'0b93         Code  Gb  cmain.o [3]
exit                     0x800'0b9b    0x4  Code  Gb  exit.o [2]
main                     0x800'08d1   0x9a  Code  Gb  main.o [1]
memset                   0x800'09f9   0x14  Code  Gb  memset.o [3]
uwTick                  0x2000'0004    0x4  Data  Gb  stm32f1xx_hal.o [1]
uwTickFreq              0x2000'0000    0x1  Data  Gb  stm32f1xx_hal.o [1]
uwTickPrio              0x2000'0008    0x4  Data  Gb  stm32f1xx_hal.o [1]


[1] = C:\Users\UKC\Documents\Git\Embedded\Start_Project\EWARM\Start_Project\Obj
[2] = dl7M_tln.a
[3] = rt7M_tl.a
[4] = shb_l.a

  3'292 bytes of readonly  code memory
     36 bytes of readonly  data memory
  1'040 bytes of readwrite data memory

Errors: none
Warnings: none
